// Jest Snapshot v1, https://goo.gl/fbAQLP

exports[`<App /> should match snapshot 1`] = `
<AppLayout>
  <React.Suspense
    fallback={<UNDEFINED />}
  >
    <Switch>
      <Route
        component={
          Object {
            "$$typeof": Symbol(react.lazy),
            "_ctor": [Function],
            "_result": null,
            "_status": -1,
          }
        }
        exact={true}
        path="/time"
      />
      <Route
        component={
          Object {
            "$$typeof": Symbol(react.lazy),
            "_ctor": [Function],
            "_result": null,
            "_status": -1,
          }
        }
        path="/reports"
      />
      <Route
        component={
          Object {
            "$$typeof": Symbol(react.lazy),
            "_ctor": [Function],
            "_result": null,
            "_status": -1,
          }
        }
        path="/projects"
      />
      <Route
        component={
          Object {
            "$$typeof": Symbol(react.lazy),
            "_ctor": [Function],
            "_result": null,
            "_status": -1,
          }
        }
        path="/settings"
      />
      <Route>
        <Empty
          description="Page not found"
          style={
            Object {
              "marginTop": "10rem",
            }
          }
        />
      </Route>
    </Switch>
  </React.Suspense>
</AppLayout>
`;
