// Jest Snapshot v1, https://goo.gl/fbAQLP

exports[`<SiderMenu /> should match snapshot 1`] = `
<Sider
  className="sider"
  collapsed={false}
  collapsedWidth={80}
  collapsible={true}
  defaultCollapsed={false}
  onCollapse={[MockFunction]}
  reverseArrow={false}
  style={Object {}}
  theme="dark"
  width={200}
>
  <Link
    replace={false}
    to="/"
  >
    <div
      className="logo"
    >
      <Icon
        className="logoIcon"
        type="clock-circle"
      />
      <span
        className="logoName"
      >
        TimeTracker
      </span>
    </div>
  </Link>
  <Menu
    className=""
    defaultSelectedKeys={
      Array [
        "time",
      ]
    }
    focusable={false}
    mode="inline"
    theme="dark"
  >
    <MenuItem
      key="time"
    >
      <Link
        replace={false}
        to="/time"
      >
        <Icon
          type="home"
        />
        <span>
          Home
        </span>
      </Link>
    </MenuItem>
    <MenuItem
      key="reports"
    >
      <Link
        replace={false}
        to="/reports"
      >
        <Icon
          type="pie-chart"
        />
        <span>
          Reports
        </span>
      </Link>
    </MenuItem>
    <MenuItem
      key="projects"
    >
      <Link
        replace={false}
        to="/projects"
      >
        <Icon
          type="project"
        />
        <span>
          Projects
        </span>
      </Link>
    </MenuItem>
    <MenuItem
      key="settings"
    >
      <Link
        replace={false}
        to="/settings"
      >
        <Icon
          type="setting"
        />
        <span>
          Settings
        </span>
      </Link>
    </MenuItem>
    <MenuItem
      key="notmatch"
    >
      <Link
        replace={false}
        to="/notmatch"
      >
        <Icon
          type="lock"
        />
        <span>
          Error
        </span>
      </Link>
    </MenuItem>
  </Menu>
</Sider>
`;
